2025-06-21 23:59:55,010 - FlexibleInputProcessor - INFO - Processing file: raw_daily_reports\rudrav_meesho\rudrav_meesho.csv
2025-06-21 23:59:55,011 - FlexibleInputProcessor - INFO - Detected format: .csv
2025-06-21 23:59:55,019 - FlexibleInputProcessor - INFO - Successfully loaded data: 64 rows, 11 columns
2025-06-21 23:59:55,025 - FlexibleInputProcessor - INFO - Cleaned data: (64, 11) -> (64, 10)
2025-06-22 00:01:00,324 - FlexibleInputProcessor - INFO - Processing file: raw_daily_reports\rudrav_meesho\rudrav_meesho.csv
2025-06-22 00:01:00,324 - FlexibleInputProcessor - INFO - Detected format: .csv
2025-06-22 00:01:00,329 - FlexibleInputProcessor - INFO - Successfully loaded data: 64 rows, 11 columns
2025-06-22 00:01:00,334 - FlexibleInputProcessor - INFO - Cleaned data: (64, 11) -> (64, 10)
2025-06-22 00:40:29,361 - FlexibleInputProcessor - INFO - Processing file: raw_daily_reports\cste_amazon\cste_amazon.csv
2025-06-22 00:40:29,364 - FlexibleInputProcessor - INFO - Detected format: .csv
2025-06-22 00:40:29,420 - FlexibleInputProcessor - INFO - Successfully loaded data: 317 rows, 15 columns
2025-06-22 00:40:29,441 - FlexibleInputProcessor - INFO - Cleaned data: (317, 15) -> (317, 11)
2025-06-22 00:40:29,565 - FlexibleInputProcessor - INFO - Processing file: raw_daily_reports\cste_fk\cste_fk.csv
2025-06-22 00:40:29,566 - FlexibleInputProcessor - INFO - Detected format: .csv
2025-06-22 00:40:29,589 - FlexibleInputProcessor - INFO - Successfully loaded data: 110 rows, 37 columns
2025-06-22 00:40:29,599 - FlexibleInputProcessor - INFO - Cleaned data: (110, 37) -> (110, 36)
2025-06-22 00:40:31,493 - FlexibleInputProcessor - INFO - Processing file: raw_daily_reports\cste_meesho\cste_meesho.csv
2025-06-22 00:40:31,494 - FlexibleInputProcessor - INFO - Detected format: .csv
2025-06-22 00:40:31,504 - FlexibleInputProcessor - INFO - Successfully loaded data: 48 rows, 11 columns
2025-06-22 00:40:31,511 - FlexibleInputProcessor - INFO - Cleaned data: (48, 11) -> (48, 10)
2025-06-22 00:40:32,140 - FlexibleInputProcessor - INFO - Processing file: raw_daily_reports\gl_fk\gl_fk.csv
2025-06-22 00:40:32,144 - FlexibleInputProcessor - INFO - Detected format: .csv
2025-06-22 00:40:32,163 - FlexibleInputProcessor - INFO - Successfully loaded data: 11 rows, 37 columns
2025-06-22 00:40:32,170 - FlexibleInputProcessor - INFO - Cleaned data: (11, 37) -> (11, 34)
2025-06-22 00:40:32,505 - FlexibleInputProcessor - INFO - Processing file: raw_daily_reports\rudrav_meesho\rudrav_meesho.csv
2025-06-22 00:40:32,507 - FlexibleInputProcessor - INFO - Detected format: .csv
2025-06-22 00:40:32,518 - FlexibleInputProcessor - INFO - Successfully loaded data: 64 rows, 11 columns
2025-06-22 00:40:32,525 - FlexibleInputProcessor - INFO - Cleaned data: (64, 11) -> (64, 10)
2025-06-23 07:39:02,966 - FlexibleInputProcessor - INFO - Processing file: C:\Users\dell\AppData\Local\Temp\tmpeb_3ycis_cste_amazon.csv
2025-06-23 07:39:02,968 - FlexibleInputProcessor - INFO - Detected format: .csv
2025-06-23 07:39:03,045 - FlexibleInputProcessor - INFO - Successfully loaded data: 317 rows, 15 columns
2025-06-23 07:39:03,086 - FlexibleInputProcessor - INFO - Cleaned data: (317, 15) -> (317, 11)
2025-06-23 07:41:02,382 - FlexibleInputProcessor - INFO - Processing file: C:\Users\dell\AppData\Local\Temp\tmpcgr5k4uy_cste_fk.csv
2025-06-23 07:41:02,385 - FlexibleInputProcessor - INFO - Detected format: .csv
2025-06-23 07:41:02,448 - FlexibleInputProcessor - INFO - Successfully loaded data: 110 rows, 37 columns
2025-06-23 07:41:02,485 - FlexibleInputProcessor - INFO - Cleaned data: (110, 37) -> (110, 36)
2025-06-23 07:46:45,266 - FlexibleInputProcessor - INFO - Processing file: C:\Users\dell\AppData\Local\Temp\tmpk88nzs1e_cste_fk.csv
2025-06-23 07:46:45,268 - FlexibleInputProcessor - INFO - Detected format: .csv
2025-06-23 07:46:45,316 - FlexibleInputProcessor - INFO - Successfully loaded data: 110 rows, 37 columns
2025-06-23 07:46:45,341 - FlexibleInputProcessor - INFO - Cleaned data: (110, 37) -> (110, 36)
2025-06-23 08:58:15,939 - FlexibleInputProcessor - INFO - Processing file: C:\Users\dell\AppData\Local\Temp\tmp0ic6xhzt_gl_fk.csv
2025-06-23 08:58:15,948 - FlexibleInputProcessor - INFO - Detected format: .csv
2025-06-23 08:58:16,070 - FlexibleInputProcessor - INFO - Successfully loaded data: 11 rows, 37 columns
2025-06-23 08:58:16,110 - FlexibleInputProcessor - INFO - Cleaned data: (11, 37) -> (11, 34)
2025-06-23 09:00:50,372 - FlexibleInputProcessor - INFO - Processing file: C:\Users\dell\AppData\Local\Temp\tmpxl9y8il0_gl_fk.csv
2025-06-23 09:00:50,375 - FlexibleInputProcessor - INFO - Detected format: .csv
2025-06-23 09:00:50,403 - FlexibleInputProcessor - INFO - Successfully loaded data: 11 rows, 37 columns
2025-06-23 09:00:50,420 - FlexibleInputProcessor - INFO - Cleaned data: (11, 37) -> (11, 34)
2025-06-23 09:27:29,123 - FlexibleInputProcessor - INFO - Processing file: C:\Users\dell\AppData\Local\Temp\tmpe4xwgowc_gl_fk.csv
2025-06-23 09:27:29,124 - FlexibleInputProcessor - INFO - Detected format: .csv
2025-06-23 09:27:29,215 - FlexibleInputProcessor - INFO - Successfully loaded data: 11 rows, 37 columns
2025-06-23 09:27:29,244 - FlexibleInputProcessor - INFO - Cleaned data: (11, 37) -> (11, 34)
2025-06-23 09:30:23,923 - FlexibleInputProcessor - INFO - Processing file: C:\Users\dell\AppData\Local\Temp\tmptq3v0sjq_gl_fk.csv
2025-06-23 09:30:23,924 - FlexibleInputProcessor - INFO - Detected format: .csv
2025-06-23 09:30:23,932 - FlexibleInputProcessor - INFO - Successfully loaded data: 11 rows, 37 columns
2025-06-23 09:30:23,934 - FlexibleInputProcessor - INFO - Cleaned data: (11, 37) -> (11, 34)
2025-06-23 09:44:23,797 - FlexibleInputProcessor - INFO - Processing file: C:\Users\dell\AppData\Local\Temp\tmpug6vgx_4_gl_fk.csv
2025-06-23 09:44:23,798 - FlexibleInputProcessor - INFO - Detected format: .csv
2025-06-23 09:44:23,828 - FlexibleInputProcessor - INFO - Successfully loaded data: 11 rows, 37 columns
2025-06-23 09:44:23,845 - FlexibleInputProcessor - INFO - Cleaned data: (11, 37) -> (11, 34)
2025-06-23 09:55:51,389 - FlexibleInputProcessor - INFO - Processing file: C:\Users\dell\AppData\Local\Temp\tmp8de0tp10_gl_fk.csv
2025-06-23 09:55:51,390 - FlexibleInputProcessor - INFO - Detected format: .csv
2025-06-23 09:55:51,417 - FlexibleInputProcessor - INFO - Successfully loaded data: 11 rows, 37 columns
2025-06-23 09:55:51,440 - FlexibleInputProcessor - INFO - Cleaned data: (11, 37) -> (11, 34)
2025-06-23 10:01:02,496 - FlexibleInputProcessor - INFO - Processing file: C:\Users\dell\AppData\Local\Temp\tmpblcxn0r5_cste_amazon.csv
2025-06-23 10:01:02,497 - FlexibleInputProcessor - INFO - Detected format: .csv
2025-06-23 10:01:02,523 - FlexibleInputProcessor - INFO - Successfully loaded data: 317 rows, 15 columns
2025-06-23 10:01:02,534 - FlexibleInputProcessor - INFO - Cleaned data: (317, 15) -> (317, 11)
2025-06-23 10:08:59,217 - FlexibleInputProcessor - INFO - Processing file: C:\Users\dell\AppData\Local\Temp\tmp6uxzrqxf_cste_amazon.csv
2025-06-23 10:08:59,218 - FlexibleInputProcessor - INFO - Detected format: .csv
2025-06-23 10:08:59,228 - FlexibleInputProcessor - INFO - Successfully loaded data: 317 rows, 15 columns
2025-06-23 10:08:59,236 - FlexibleInputProcessor - INFO - Cleaned data: (317, 15) -> (317, 11)
2025-06-23 10:15:53,766 - FlexibleInputProcessor - INFO - Processing file: C:\Users\dell\AppData\Local\Temp\tmpd0ha07qw_WMS-04-02 (1).xlsx
2025-06-23 10:15:53,767 - FlexibleInputProcessor - INFO - Detected format: .xlsx
2025-06-23 10:15:55,388 - FlexibleInputProcessor - INFO - Excel file contains 13 sheet(s): ['Chronology', 'Legend', 'Current Inventory ', 'Combos skus', 'Msku With Skus', 'Outbound', 'Returns', 'Outflow', 'Inwards', 'inventory Upload FK And Meesho', 'Inventory Upload Amazon', 'packaging msku', 'Location ']
2025-06-23 10:15:55,389 - FlexibleInputProcessor - ERROR - Error reading Excel file structure: Excel file contains 13 sheets: ['Chronology', 'Legend', 'Current Inventory ', 'Combos skus', 'Msku With Skus', 'Outbound', 'Returns', 'Outflow', 'Inwards', 'inventory Upload FK And Meesho', 'Inventory Upload Amazon', 'packaging msku', 'Location ']. You must specify which sheet to read using the 'sheet_name' parameter. Examples: sheet_name='Chronology' or sheet_name=0
2025-06-23 10:15:55,395 - FlexibleInputProcessor - ERROR - Error processing file C:\Users\dell\AppData\Local\Temp\tmpd0ha07qw_WMS-04-02 (1).xlsx: Excel file contains 13 sheets: ['Chronology', 'Legend', 'Current Inventory ', 'Combos skus', 'Msku With Skus', 'Outbound', 'Returns', 'Outflow', 'Inwards', 'inventory Upload FK And Meesho', 'Inventory Upload Amazon', 'packaging msku', 'Location ']. You must specify which sheet to read using the 'sheet_name' parameter. Examples: sheet_name='Chronology' or sheet_name=0
2025-06-23 10:20:15,453 - FlexibleInputProcessor - INFO - Processing file: C:\Users\dell\AppData\Local\Temp\tmpn79y_9n8_WMS-04-02 (1).xlsx
2025-06-23 10:20:15,453 - FlexibleInputProcessor - INFO - Detected format: .xlsx
2025-06-23 10:20:16,730 - FlexibleInputProcessor - INFO - Excel file contains 13 sheet(s): ['Chronology', 'Legend', 'Current Inventory ', 'Combos skus', 'Msku With Skus', 'Outbound', 'Returns', 'Outflow', 'Inwards', 'inventory Upload FK And Meesho', 'Inventory Upload Amazon', 'packaging msku', 'Location ']
2025-06-23 10:20:16,731 - FlexibleInputProcessor - ERROR - Error reading Excel file structure: Excel file contains 13 sheets: ['Chronology', 'Legend', 'Current Inventory ', 'Combos skus', 'Msku With Skus', 'Outbound', 'Returns', 'Outflow', 'Inwards', 'inventory Upload FK And Meesho', 'Inventory Upload Amazon', 'packaging msku', 'Location ']. You must specify which sheet to read using the 'sheet_name' parameter. Examples: sheet_name='Chronology' or sheet_name=0
2025-06-23 10:20:16,731 - FlexibleInputProcessor - ERROR - Error processing file C:\Users\dell\AppData\Local\Temp\tmpn79y_9n8_WMS-04-02 (1).xlsx: Excel file contains 13 sheets: ['Chronology', 'Legend', 'Current Inventory ', 'Combos skus', 'Msku With Skus', 'Outbound', 'Returns', 'Outflow', 'Inwards', 'inventory Upload FK And Meesho', 'Inventory Upload Amazon', 'packaging msku', 'Location ']. You must specify which sheet to read using the 'sheet_name' parameter. Examples: sheet_name='Chronology' or sheet_name=0
2025-06-23 12:02:35,273 - FlexibleInputProcessor - INFO - Processing file: C:\Users\dell\AppData\Local\Temp\tmpx4blr7ig_cste_meesho.csv
2025-06-23 12:02:35,274 - FlexibleInputProcessor - INFO - Detected format: .csv
2025-06-23 12:02:35,279 - FlexibleInputProcessor - INFO - Successfully loaded data: 48 rows, 11 columns
2025-06-23 12:02:35,283 - FlexibleInputProcessor - INFO - Cleaned data: (48, 11) -> (48, 10)
2025-06-23 12:09:37,851 - FlexibleInputProcessor - INFO - Processing file: C:\Users\dell\AppData\Local\Temp\tmpq6cyiyb9_cste_meesho.csv
2025-06-23 12:09:37,852 - FlexibleInputProcessor - INFO - Detected format: .csv
2025-06-23 12:09:37,879 - FlexibleInputProcessor - INFO - Successfully loaded data: 48 rows, 11 columns
2025-06-23 12:09:37,912 - FlexibleInputProcessor - INFO - Cleaned data: (48, 11) -> (48, 10)
2025-06-23 12:13:26,699 - FlexibleInputProcessor - INFO - Processing file: C:\Users\dell\AppData\Local\Temp\tmpj61v5dqi_cste_meesho.csv
2025-06-23 12:13:26,700 - FlexibleInputProcessor - INFO - Detected format: .csv
2025-06-23 12:13:26,728 - FlexibleInputProcessor - INFO - Successfully loaded data: 48 rows, 11 columns
2025-06-23 12:13:26,747 - FlexibleInputProcessor - INFO - Cleaned data: (48, 11) -> (48, 10)
2025-06-23 12:25:15,210 - FlexibleInputProcessor - INFO - Processing file: C:\Users\dell\AppData\Local\Temp\tmpvo0ui50n_rudrav_meesho.csv
2025-06-23 12:25:15,210 - FlexibleInputProcessor - INFO - Detected format: .csv
2025-06-23 12:25:15,238 - FlexibleInputProcessor - INFO - Successfully loaded data: 64 rows, 11 columns
2025-06-23 12:25:15,257 - FlexibleInputProcessor - INFO - Cleaned data: (64, 11) -> (64, 10)
2025-06-23 13:42:58,707 - FlexibleInputProcessor - INFO - Processing file: C:\Users\dell\AppData\Local\Temp\tmpytwq3oxr_rudrav_meesho.csv
2025-06-23 13:42:58,708 - FlexibleInputProcessor - INFO - Detected format: .csv
2025-06-23 13:42:58,740 - FlexibleInputProcessor - INFO - Successfully loaded data: 64 rows, 11 columns
2025-06-23 13:42:58,763 - FlexibleInputProcessor - INFO - Cleaned data: (64, 11) -> (64, 10)
2025-06-23 13:58:22,291 - FlexibleInputProcessor - INFO - Processing file: C:\Users\dell\AppData\Local\Temp\tmp9gzdaety_gl_fk.csv
2025-06-23 13:58:22,298 - FlexibleInputProcessor - INFO - Detected format: .csv
2025-06-23 13:58:22,459 - FlexibleInputProcessor - INFO - Successfully loaded data: 11 rows, 37 columns
2025-06-23 13:58:22,529 - FlexibleInputProcessor - INFO - Cleaned data: (11, 37) -> (11, 34)
2025-06-23 13:59:06,698 - FlexibleInputProcessor - INFO - Processing file: C:\Users\dell\AppData\Local\Temp\tmpugadn9f5_gl_fk.csv
2025-06-23 13:59:06,708 - FlexibleInputProcessor - INFO - Detected format: .csv
2025-06-23 13:59:06,800 - FlexibleInputProcessor - INFO - Successfully loaded data: 11 rows, 37 columns
2025-06-23 13:59:06,835 - FlexibleInputProcessor - INFO - Cleaned data: (11, 37) -> (11, 34)
2025-06-23 14:04:00,460 - FlexibleInputProcessor - INFO - Processing file: C:\Users\dell\AppData\Local\Temp\tmp1imn1plz_gl_fk.csv
2025-06-23 14:04:00,473 - FlexibleInputProcessor - INFO - Detected format: .csv
2025-06-23 14:04:00,549 - FlexibleInputProcessor - INFO - Successfully loaded data: 11 rows, 37 columns
2025-06-23 14:04:00,558 - FlexibleInputProcessor - INFO - Cleaned data: (11, 37) -> (11, 34)
2025-06-23 16:37:04,890 - FlexibleInputProcessor - INFO - Processing file: C:\Users\dell\AppData\Local\Temp\tmpvu2w_033_gl_fk.csv
2025-06-23 16:37:04,898 - FlexibleInputProcessor - INFO - Detected format: .csv
2025-06-23 16:37:05,068 - FlexibleInputProcessor - INFO - Successfully loaded data: 11 rows, 37 columns
2025-06-23 16:37:05,117 - FlexibleInputProcessor - INFO - Cleaned data: (11, 37) -> (11, 34)
2025-06-23 17:56:02,077 - FlexibleInputProcessor - INFO - Processing file: C:\Users\dell\AppData\Local\Temp\tmpdiw3zwsb_gl_fk.csv
2025-06-23 17:56:02,078 - FlexibleInputProcessor - INFO - Detected format: .csv
2025-06-23 17:56:02,120 - FlexibleInputProcessor - INFO - Successfully loaded data: 11 rows, 37 columns
2025-06-23 17:56:02,150 - FlexibleInputProcessor - INFO - Cleaned data: (11, 37) -> (11, 34)
