[SUCCESS]  Airtable connection validated successfully
[SUCCESS]  Airtable connection validated successfully
[SUCCESS]  Airtable connection validated successfully
[SUCCESS]  Airtable connection validated successfully
[SUCCESS]  Airtable connection validated successfully
[SUCCESS]  Airtable connection validated successfully
INFO 2025-06-23 02:10:42,953 airtable_sync 18004 26900 [SUCCESS]  Airtable connection validated successfully
INFO 2025-06-23 02:10:50,027 airtable_sync 18004 26900 [SUCCESS] Synced SKU mapping 21854691 to Airtable
INFO 2025-06-23 02:10:50,046 airtable_sync 18004 26900 [SUCCESS] Updated SKU mapping 21854691 from Airtable
INFO 2025-06-23 02:10:57,404 airtable_sync 18004 26900 [SUCCESS] Synced SKU mapping 1713595565_7 to Airtable
INFO 2025-06-23 02:10:57,414 airtable_sync 18004 26900 [SUCCESS] Updated SKU mapping 1713595565_7 from Airtable
INFO 2025-06-23 02:10:59,726 airtable_sync 18004 26900 [SUCCESS] Synced SKU mapping 1730263290_10 to Airtable
INFO 2025-06-23 02:10:59,733 airtable_sync 18004 26900 [SUCCESS] Updated SKU mapping 1730263290_10 from Airtable
INFO 2025-06-23 02:11:02,342 airtable_sync 18004 26900 [SUCCESS] Synced SKU mapping 1E-TWV2-4FQF to Airtable
INFO 2025-06-23 02:11:02,370 airtable_sync 18004 26900 [SUCCESS] Updated SKU mapping 1E-TWV2-4FQF from Airtable
INFO 2025-06-23 02:11:04,745 airtable_sync 18004 26900 [SUCCESS] Synced SKU mapping 21544779 to Airtable
INFO 2025-06-23 02:11:04,751 airtable_sync 18004 26900 [SUCCESS] Updated SKU mapping 21544779 from Airtable
INFO 2025-06-23 02:11:08,034 airtable_sync 18004 26900 [SUCCESS] Synced combo product CSTE_O0446_OT_Glue_Sand_Rubber_Pig to Airtable
INFO 2025-06-23 02:11:08,045 airtable_sync 18004 26900 [SUCCESS] Updated combo product CSTE_O0446_OT_Glue_Sand_Rubber_Pig from Airtable
INFO 2025-06-23 02:11:10,336 airtable_sync 18004 26900 [SUCCESS] Synced combo product CSTE_0358_Wands_Dumbledore_light_Sg to Airtable
INFO 2025-06-23 02:11:10,346 airtable_sync 18004 26900 [SUCCESS] Updated combo product CSTE_0358_Wands_Dumbledore_light_Sg from Airtable
INFO 2025-06-23 02:11:12,520 airtable_sync 18004 26900 [SUCCESS] Synced combo product Caaju_Compression_Travelkit_Blue to Airtable
INFO 2025-06-23 02:11:12,529 airtable_sync 18004 26900 [SUCCESS] Updated combo product Caaju_Compression_Travelkit_Blue from Airtable
INFO 2025-06-23 02:11:14,671 airtable_sync 18004 26900 [SUCCESS] Synced combo product CSTE_O0443_OT_Squeeze_Yellow to Airtable
INFO 2025-06-23 02:11:14,680 airtable_sync 18004 26900 [SUCCESS] Updated combo product CSTE_O0443_OT_Squeeze_Yellow from Airtable
INFO 2025-06-23 02:11:17,100 airtable_sync 18004 26900 [SUCCESS] Synced combo product CSTE_0481_ST_Animal_Cow_Plush_Cloths to Airtable
INFO 2025-06-23 02:11:17,110 airtable_sync 18004 26900 [SUCCESS] Updated combo product CSTE_0481_ST_Animal_Cow_Plush_Cloths from Airtable
INFO 2025-06-23 02:11:17,110 airtable_sync 18004 26900 [SUCCESS] Sync from Airtable complete: {'created': 0, 'updated': 15, 'errors': 0}
INFO 2025-06-23 02:11:17,111 sync_from_airtable 18004 26900 Airtable sync completed: {'created': 0, 'updated': 15, 'errors': 0}
INFO 2025-06-23 02:12:42,249 airtable_sync 7944 15256 [SUCCESS]  Airtable connection validated successfully
INFO 2025-06-23 02:12:54,785 airtable_sync 7944 15256 [SUCCESS] Synced SKU mapping 21854691 to Airtable
INFO 2025-06-23 02:12:54,792 airtable_sync 7944 15256 [SUCCESS] Updated SKU mapping 21854691 from Airtable
INFO 2025-06-23 02:12:57,050 airtable_sync 7944 15256 [SUCCESS] Synced SKU mapping 1713595565_7 to Airtable
INFO 2025-06-23 02:12:57,057 airtable_sync 7944 15256 [SUCCESS] Updated SKU mapping 1713595565_7 from Airtable
INFO 2025-06-23 02:12:59,435 airtable_sync 7944 15256 [SUCCESS] Synced SKU mapping 1730263290_10 to Airtable
INFO 2025-06-23 02:12:59,464 airtable_sync 7944 15256 [SUCCESS] Updated SKU mapping 1730263290_10 from Airtable
INFO 2025-06-23 02:13:01,860 airtable_sync 7944 15256 [SUCCESS] Synced SKU mapping 1E-TWV2-4FQF to Airtable
INFO 2025-06-23 02:13:01,889 airtable_sync 7944 15256 [SUCCESS] Updated SKU mapping 1E-TWV2-4FQF from Airtable
INFO 2025-06-23 02:13:04,468 airtable_sync 7944 15256 [SUCCESS] Synced SKU mapping 21544779 to Airtable
INFO 2025-06-23 02:13:04,511 airtable_sync 7944 15256 [SUCCESS] Updated SKU mapping 21544779 from Airtable
INFO 2025-06-23 02:13:06,899 airtable_sync 7944 15256 [SUCCESS] Synced SKU mapping 14646645 to Airtable
INFO 2025-06-23 02:13:06,928 airtable_sync 7944 15256 [SUCCESS] Updated SKU mapping 14646645 from Airtable
INFO 2025-06-23 02:13:09,494 airtable_sync 7944 15256 [SUCCESS] Synced SKU mapping 1360333923_21 to Airtable
INFO 2025-06-23 02:13:09,523 airtable_sync 7944 15256 [SUCCESS] Updated SKU mapping 1360333923_21 from Airtable
INFO 2025-06-23 02:13:12,146 airtable_sync 7944 15256 [SUCCESS] Synced SKU mapping 17*17_PillowCover_White_fba to Airtable
INFO 2025-06-23 02:13:12,156 airtable_sync 7944 15256 [SUCCESS] Updated SKU mapping 17*17_PillowCover_White_fba from Airtable
INFO 2025-06-23 02:13:14,358 airtable_sync 7944 15256 [SUCCESS] Synced SKU mapping 1871815601_22 to Airtable
INFO 2025-06-23 02:13:14,386 airtable_sync 7944 15256 [SUCCESS] Updated SKU mapping 1871815601_22 from Airtable
INFO 2025-06-23 02:13:16,787 airtable_sync 7944 15256 [SUCCESS] Synced SKU mapping 1003264078_18 to Airtable
INFO 2025-06-23 02:13:16,817 airtable_sync 7944 15256 [SUCCESS] Updated SKU mapping 1003264078_18 from Airtable
INFO 2025-06-23 02:13:18,835 airtable_sync 7944 15256 [SUCCESS] Synced SKU mapping 21305790 to Airtable
INFO 2025-06-23 02:13:18,847 airtable_sync 7944 15256 [SUCCESS] Updated SKU mapping 21305790 from Airtable
INFO 2025-06-23 02:13:21,469 airtable_sync 7944 15256 [SUCCESS] Synced SKU mapping 17*17_PillowCover_Combo to Airtable
INFO 2025-06-23 02:13:21,482 airtable_sync 7944 15256 [SUCCESS] Updated SKU mapping 17*17_PillowCover_Combo from Airtable
INFO 2025-06-23 02:13:23,858 airtable_sync 7944 15256 [SUCCESS] Synced SKU mapping 1143810604_4 to Airtable
INFO 2025-06-23 02:13:23,875 airtable_sync 7944 15256 [SUCCESS] Updated SKU mapping 1143810604_4 from Airtable
INFO 2025-06-23 02:13:26,336 airtable_sync 7944 15256 [SUCCESS] Synced SKU mapping 23589657 to Airtable
INFO 2025-06-23 02:13:26,366 airtable_sync 7944 15256 [SUCCESS] Updated SKU mapping 23589657 from Airtable
INFO 2025-06-23 02:13:28,670 airtable_sync 7944 15256 [SUCCESS] Synced SKU mapping 21305786 to Airtable
INFO 2025-06-23 02:13:28,703 airtable_sync 7944 15256 [SUCCESS] Updated SKU mapping 21305786 from Airtable
INFO 2025-06-23 02:13:31,029 airtable_sync 7944 15256 [SUCCESS] Synced SKU mapping 1644333045_8 to Airtable
INFO 2025-06-23 02:13:31,060 airtable_sync 7944 15256 [SUCCESS] Updated SKU mapping 1644333045_8 from Airtable
INFO 2025-06-23 02:13:33,329 airtable_sync 7944 15256 [SUCCESS] Synced SKU mapping 21notes_mahogany_darkbrown to Airtable
INFO 2025-06-23 02:13:33,360 airtable_sync 7944 15256 [SUCCESS] Updated SKU mapping 21notes_mahogany_darkbrown from Airtable
INFO 2025-06-23 02:13:35,607 airtable_sync 7944 15256 [SUCCESS] Synced SKU mapping 1912192788_24 to Airtable
INFO 2025-06-23 02:13:35,638 airtable_sync 7944 15256 [SUCCESS] Updated SKU mapping 1912192788_24 from Airtable
INFO 2025-06-23 02:13:37,811 airtable_sync 7944 15256 [SUCCESS] Synced SKU mapping 17*17_PillowCover_Maroon_fba to Airtable
INFO 2025-06-23 02:13:37,821 airtable_sync 7944 15256 [SUCCESS] Updated SKU mapping 17*17_PillowCover_Maroon_fba from Airtable
INFO 2025-06-23 02:13:40,142 airtable_sync 7944 15256 [SUCCESS] Synced SKU mapping 1805661512_9 to Airtable
INFO 2025-06-23 02:13:40,169 airtable_sync 7944 15256 [SUCCESS] Updated SKU mapping 1805661512_9 from Airtable
INFO 2025-06-23 02:13:42,540 airtable_sync 7944 15256 [SUCCESS] Synced SKU mapping 1394838850_15 to Airtable
INFO 2025-06-23 02:13:42,550 airtable_sync 7944 15256 [SUCCESS] Updated SKU mapping 1394838850_15 from Airtable
INFO 2025-06-23 02:13:44,906 airtable_sync 7944 15256 [SUCCESS] Synced SKU mapping 21-KS63-Q1QL to Airtable
INFO 2025-06-23 02:13:44,914 airtable_sync 7944 15256 [SUCCESS] Updated SKU mapping 21-KS63-Q1QL from Airtable
INFO 2025-06-23 02:13:46,940 airtable_sync 7944 15256 [SUCCESS] Synced SKU mapping 18-Musical box_04 to Airtable
INFO 2025-06-23 02:13:46,953 airtable_sync 7944 15256 [SUCCESS] Updated SKU mapping 18-Musical box_04 from Airtable
INFO 2025-06-23 02:13:49,113 airtable_sync 7944 15256 [SUCCESS] Synced SKU mapping 17notes_brown_kalimba to Airtable
INFO 2025-06-23 02:13:49,123 airtable_sync 7944 15256 [SUCCESS] Updated SKU mapping 17notes_brown_kalimba from Airtable
INFO 2025-06-23 02:13:51,205 airtable_sync 7944 15256 [SUCCESS] Synced SKU mapping 21305789 to Airtable
INFO 2025-06-23 02:13:51,218 airtable_sync 7944 15256 [SUCCESS] Updated SKU mapping 21305789 from Airtable
INFO 2025-06-23 02:13:53,675 airtable_sync 7944 15256 [SUCCESS] Synced SKU mapping -TDNw6MD to Airtable
INFO 2025-06-23 02:13:53,685 airtable_sync 7944 15256 [SUCCESS] Updated SKU mapping -TDNw6MD from Airtable
INFO 2025-06-23 02:13:56,048 airtable_sync 7944 15256 [SUCCESS] Synced SKU mapping 1691872855_5 to Airtable
INFO 2025-06-23 02:13:56,055 airtable_sync 7944 15256 [SUCCESS] Updated SKU mapping 1691872855_5 from Airtable
INFO 2025-06-23 02:13:58,063 airtable_sync 7944 15256 [SUCCESS] Synced SKU mapping 17note_mahogany_kalimbaBlue to Airtable
INFO 2025-06-23 02:13:58,073 airtable_sync 7944 15256 [SUCCESS] Updated SKU mapping 17note_mahogany_kalimbaBlue from Airtable
INFO 2025-06-23 02:14:00,446 airtable_sync 7944 15256 [SUCCESS] Synced SKU mapping 06-2PLJ-PX2A to Airtable
INFO 2025-06-23 02:14:00,476 airtable_sync 7944 15256 [SUCCESS] Updated SKU mapping 06-2PLJ-PX2A from Airtable
INFO 2025-06-23 02:14:02,891 airtable_sync 7944 15256 [SUCCESS] Synced SKU mapping 2128598469_7 to Airtable
INFO 2025-06-23 02:14:02,919 airtable_sync 7944 15256 [SUCCESS] Updated SKU mapping 2128598469_7 from Airtable
INFO 2025-06-23 02:14:05,110 airtable_sync 7944 15256 [SUCCESS] Synced SKU mapping 1480052282_26 to Airtable
INFO 2025-06-23 02:14:05,139 airtable_sync 7944 15256 [SUCCESS] Updated SKU mapping 1480052282_26 from Airtable
INFO 2025-06-23 02:14:07,400 airtable_sync 7944 15256 [SUCCESS] Synced SKU mapping $quid_Keychain to Airtable
INFO 2025-06-23 02:14:07,428 airtable_sync 7944 15256 [SUCCESS] Updated SKU mapping $quid_Keychain from Airtable
INFO 2025-06-23 02:14:09,726 airtable_sync 7944 15256 [SUCCESS] Synced SKU mapping 1F-XCQU-9DC0 to Airtable
INFO 2025-06-23 02:14:09,738 airtable_sync 7944 15256 [SUCCESS] Updated SKU mapping 1F-XCQU-9DC0 from Airtable
INFO 2025-06-23 02:14:12,198 airtable_sync 7944 15256 [SUCCESS] Synced SKU mapping 2 to Airtable
INFO 2025-06-23 02:14:12,228 airtable_sync 7944 15256 [SUCCESS] Updated SKU mapping 2 from Airtable
INFO 2025-06-23 02:14:14,644 airtable_sync 7944 15256 [SUCCESS] Synced SKU mapping 23541268 to Airtable
INFO 2025-06-23 02:14:14,656 airtable_sync 7944 15256 [SUCCESS] Updated SKU mapping 23541268 from Airtable
INFO 2025-06-23 02:14:16,911 airtable_sync 7944 15256 [SUCCESS] Synced SKU mapping 21549564 to Airtable
INFO 2025-06-23 02:14:16,943 airtable_sync 7944 15256 [SUCCESS] Updated SKU mapping 21549564 from Airtable
INFO 2025-06-23 02:14:19,383 airtable_sync 7944 15256 [SUCCESS] Synced SKU mapping 21305787 to Airtable
INFO 2025-06-23 02:14:19,413 airtable_sync 7944 15256 [SUCCESS] Updated SKU mapping 21305787 from Airtable
INFO 2025-06-23 02:14:21,736 airtable_sync 7944 15256 [SUCCESS] Synced SKU mapping 21305792 to Airtable
INFO 2025-06-23 02:14:21,747 airtable_sync 7944 15256 [SUCCESS] Updated SKU mapping 21305792 from Airtable
INFO 2025-06-23 02:14:24,070 airtable_sync 7944 15256 [SUCCESS] Synced SKU mapping 12547896 to Airtable
INFO 2025-06-23 02:14:24,097 airtable_sync 7944 15256 [SUCCESS] Updated SKU mapping 12547896 from Airtable
INFO 2025-06-23 02:14:26,528 airtable_sync 7944 15256 [SUCCESS] Synced SKU mapping 24_colour_pencil to Airtable
INFO 2025-06-23 02:14:26,559 airtable_sync 7944 15256 [SUCCESS] Updated SKU mapping 24_colour_pencil from Airtable
INFO 2025-06-23 02:14:29,001 airtable_sync 7944 15256 [SUCCESS] Synced SKU mapping 201425270_13 to Airtable
INFO 2025-06-23 02:14:29,033 airtable_sync 7944 15256 [SUCCESS] Updated SKU mapping 201425270_13 from Airtable
INFO 2025-06-23 02:14:31,608 airtable_sync 7944 15256 [SUCCESS] Synced SKU mapping 21457455 to Airtable
INFO 2025-06-23 02:14:31,617 airtable_sync 7944 15256 [SUCCESS] Updated SKU mapping 21457455 from Airtable
INFO 2025-06-23 02:14:34,109 airtable_sync 7944 15256 [SUCCESS] Synced SKU mapping 25-J008-EY79 to Airtable
INFO 2025-06-23 02:14:34,137 airtable_sync 7944 15256 [SUCCESS] Updated SKU mapping 25-J008-EY79 from Airtable
INFO 2025-06-23 02:14:36,494 airtable_sync 7944 15256 [SUCCESS] Synced SKU mapping 174643083_6 to Airtable
INFO 2025-06-23 02:14:36,523 airtable_sync 7944 15256 [SUCCESS] Updated SKU mapping 174643083_6 from Airtable
INFO 2025-06-23 02:14:38,707 airtable_sync 7944 15256 [SUCCESS] Synced SKU mapping 2034722522_19 to Airtable
INFO 2025-06-23 02:14:38,738 airtable_sync 7944 15256 [SUCCESS] Updated SKU mapping 2034722522_19 from Airtable
INFO 2025-06-23 02:14:41,291 airtable_sync 7944 15256 [SUCCESS] Synced SKU mapping 20546001 to Airtable
INFO 2025-06-23 02:14:41,319 airtable_sync 7944 15256 [SUCCESS] Updated SKU mapping 20546001 from Airtable
INFO 2025-06-23 02:14:43,755 airtable_sync 7944 15256 [SUCCESS] Synced SKU mapping 125243532_26 to Airtable
INFO 2025-06-23 02:14:43,783 airtable_sync 7944 15256 [SUCCESS] Updated SKU mapping 125243532_26 from Airtable
INFO 2025-06-23 02:14:46,301 airtable_sync 7944 15256 [SUCCESS] Synced SKU mapping 1617749754_17 to Airtable
INFO 2025-06-23 02:14:46,312 airtable_sync 7944 15256 [SUCCESS] Updated SKU mapping 1617749754_17 from Airtable
INFO 2025-06-23 02:14:48,790 airtable_sync 7944 15256 [SUCCESS] Synced SKU mapping "fk-BTS BT21 Kpop Merch Plush Large 14"" Cushion Dust Cover" to Airtable
INFO 2025-06-23 02:14:48,800 airtable_sync 7944 15256 [SUCCESS] Updated SKU mapping "fk-BTS BT21 Kpop Merch Plush Large 14"" Cushion Dust Cover" from Airtable
INFO 2025-06-23 02:14:51,181 airtable_sync 7944 15256 [SUCCESS] Synced SKU mapping 17note_deer_kalimba to Airtable
INFO 2025-06-23 02:14:51,192 airtable_sync 7944 15256 [SUCCESS] Updated SKU mapping 17note_deer_kalimba from Airtable
INFO 2025-06-23 02:14:53,691 airtable_sync 7944 15256 [SUCCESS] Synced SKU mapping 16 to Airtable
INFO 2025-06-23 02:14:53,700 airtable_sync 7944 15256 [SUCCESS] Updated SKU mapping 16 from Airtable
INFO 2025-06-23 02:14:56,141 airtable_sync 7944 15256 [SUCCESS] Synced SKU mapping 2030088958_23 to Airtable
INFO 2025-06-23 02:14:56,155 airtable_sync 7944 15256 [SUCCESS] Updated SKU mapping 2030088958_23 from Airtable
INFO 2025-06-23 02:14:58,591 airtable_sync 7944 15256 [SUCCESS] Synced SKU mapping 1805661512_6 to Airtable
INFO 2025-06-23 02:14:58,622 airtable_sync 7944 15256 [SUCCESS] Updated SKU mapping 1805661512_6 from Airtable
INFO 2025-06-23 02:15:00,780 airtable_sync 7944 15256 [SUCCESS] Synced SKU mapping 24544163 to Airtable
INFO 2025-06-23 02:15:00,810 airtable_sync 7944 15256 [SUCCESS] Updated SKU mapping 24544163 from Airtable
INFO 2025-06-23 02:15:03,108 airtable_sync 7944 15256 [SUCCESS] Synced SKU mapping 23945876 to Airtable
INFO 2025-06-23 02:15:03,118 airtable_sync 7944 15256 [SUCCESS] Updated SKU mapping 23945876 from Airtable
INFO 2025-06-23 02:15:05,310 airtable_sync 7944 15256 [SUCCESS] Synced SKU mapping 17*17_PillowCover_Maroon_fba to Airtable
INFO 2025-06-23 02:15:05,339 airtable_sync 7944 15256 [SUCCESS] Updated SKU mapping 17*17_PillowCover_Maroon_fba from Airtable
INFO 2025-06-23 02:15:07,270 airtable_sync 7944 15256 [SUCCESS] Synced SKU mapping 25411486 to Airtable
INFO 2025-06-23 02:15:07,279 airtable_sync 7944 15256 [SUCCESS] Updated SKU mapping 25411486 from Airtable
INFO 2025-06-23 02:15:09,602 airtable_sync 7944 15256 [SUCCESS] Synced SKU mapping 1779161966_14 to Airtable
INFO 2025-06-23 02:15:09,614 airtable_sync 7944 15256 [SUCCESS] Updated SKU mapping 1779161966_14 from Airtable
INFO 2025-06-23 02:15:12,201 airtable_sync 7944 15256 [SUCCESS] Synced SKU mapping 1951027540_9 to Airtable
INFO 2025-06-23 02:15:12,230 airtable_sync 7944 15256 [SUCCESS] Updated SKU mapping 1951027540_9 from Airtable
INFO 2025-06-23 02:15:14,634 airtable_sync 7944 15256 [SUCCESS] Synced SKU mapping 23015410 to Airtable
INFO 2025-06-23 02:15:14,659 airtable_sync 7944 15256 [SUCCESS] Updated SKU mapping 23015410 from Airtable
INFO 2025-06-23 02:15:17,179 airtable_sync 7944 15256 [SUCCESS] Synced SKU mapping 23425330 to Airtable
INFO 2025-06-23 02:15:17,188 airtable_sync 7944 15256 [SUCCESS] Updated SKU mapping 23425330 from Airtable
INFO 2025-06-23 02:15:19,757 airtable_sync 7944 15256 [SUCCESS] Synced SKU mapping 11-V74N-5538 to Airtable
INFO 2025-06-23 02:15:19,783 airtable_sync 7944 15256 [SUCCESS] Updated SKU mapping 11-V74N-5538 from Airtable
INFO 2025-06-23 02:15:22,164 airtable_sync 7944 15256 [SUCCESS] Synced SKU mapping 1579824623_21 to Airtable
INFO 2025-06-23 02:15:22,174 airtable_sync 7944 15256 [SUCCESS] Updated SKU mapping 1579824623_21 from Airtable
INFO 2025-06-23 02:15:24,713 airtable_sync 7944 15256 [SUCCESS] Synced SKU mapping 1545319696_15 to Airtable
INFO 2025-06-23 02:15:24,745 airtable_sync 7944 15256 [SUCCESS] Updated SKU mapping 1545319696_15 from Airtable
INFO 2025-06-23 02:15:27,214 airtable_sync 7944 15256 [SUCCESS] Synced SKU mapping 1321941710_6 to Airtable
INFO 2025-06-23 02:15:27,244 airtable_sync 7944 15256 [SUCCESS] Updated SKU mapping 1321941710_6 from Airtable
INFO 2025-06-23 02:15:29,629 airtable_sync 7944 15256 [SUCCESS] Synced SKU mapping 240862341_12 to Airtable
INFO 2025-06-23 02:15:29,641 airtable_sync 7944 15256 [SUCCESS] Updated SKU mapping 240862341_12 from Airtable
INFO 2025-06-23 02:15:32,231 airtable_sync 7944 15256 [SUCCESS] Synced SKU mapping 17notes_Kalimba _map_blue to Airtable
INFO 2025-06-23 02:15:32,260 airtable_sync 7944 15256 [SUCCESS] Updated SKU mapping 17notes_Kalimba _map_blue from Airtable
INFO 2025-06-23 02:15:34,998 airtable_sync 7944 15256 [SUCCESS] Synced SKU mapping 1644333045_5 to Airtable
INFO 2025-06-23 02:15:35,011 airtable_sync 7944 15256 [SUCCESS] Updated SKU mapping 1644333045_5 from Airtable
INFO 2025-06-23 02:15:37,516 airtable_sync 7944 15256 [SUCCESS] Synced SKU mapping 1373215342_8 to Airtable
INFO 2025-06-23 02:15:37,531 airtable_sync 7944 15256 [SUCCESS] Updated SKU mapping 1373215342_8 from Airtable
INFO 2025-06-23 02:15:39,924 airtable_sync 7944 15256 [SUCCESS] Synced SKU mapping 21305788 to Airtable
INFO 2025-06-23 02:15:39,936 airtable_sync 7944 15256 [SUCCESS] Updated SKU mapping 21305788 from Airtable
INFO 2025-06-23 02:15:42,674 airtable_sync 7944 15256 [SUCCESS] Synced SKU mapping 1595671091_12 to Airtable
INFO 2025-06-23 02:15:42,701 airtable_sync 7944 15256 [SUCCESS] Updated SKU mapping 1595671091_12 from Airtable
INFO 2025-06-23 02:15:45,239 airtable_sync 7944 15256 [SUCCESS] Synced SKU mapping 20354594 to Airtable
INFO 2025-06-23 02:15:45,252 airtable_sync 7944 15256 [SUCCESS] Updated SKU mapping 20354594 from Airtable
INFO 2025-06-23 02:15:47,525 airtable_sync 7944 15256 [SUCCESS] Synced SKU mapping 1615651036_5 to Airtable
INFO 2025-06-23 02:15:47,537 airtable_sync 7944 15256 [SUCCESS] Updated SKU mapping 1615651036_5 from Airtable
INFO 2025-06-23 02:15:49,846 airtable_sync 7944 15256 [SUCCESS] Synced SKU mapping 15-0MPY-UHQF to Airtable
INFO 2025-06-23 02:15:49,875 airtable_sync 7944 15256 [SUCCESS] Updated SKU mapping 15-0MPY-UHQF from Airtable
INFO 2025-06-23 02:15:51,996 airtable_sync 7944 15256 [SUCCESS] Synced SKU mapping 1293763777_5 to Airtable
INFO 2025-06-23 02:15:52,026 airtable_sync 7944 15256 [SUCCESS] Updated SKU mapping 1293763777_5 from Airtable
INFO 2025-06-23 02:15:54,579 airtable_sync 7944 15256 [SUCCESS] Synced SKU mapping 1965124249_7 to Airtable
INFO 2025-06-23 02:15:54,607 airtable_sync 7944 15256 [SUCCESS] Updated SKU mapping 1965124249_7 from Airtable
INFO 2025-06-23 02:15:57,087 airtable_sync 7944 15256 [SUCCESS] Synced SKU mapping 1751686562_5 to Airtable
INFO 2025-06-23 02:15:57,096 airtable_sync 7944 15256 [SUCCESS] Updated SKU mapping 1751686562_5 from Airtable
INFO 2025-06-23 02:15:59,405 airtable_sync 7944 15256 [SUCCESS] Synced SKU mapping 18-Musical box_01 to Airtable
INFO 2025-06-23 02:15:59,436 airtable_sync 7944 15256 [SUCCESS] Updated SKU mapping 18-Musical box_01 from Airtable
INFO 2025-06-23 02:16:01,880 airtable_sync 7944 15256 [SUCCESS] Synced SKU mapping 1936894468_18 to Airtable
INFO 2025-06-23 02:16:01,911 airtable_sync 7944 15256 [SUCCESS] Updated SKU mapping 1936894468_18 from Airtable
INFO 2025-06-23 02:16:04,387 airtable_sync 7944 15256 [SUCCESS] Synced SKU mapping 21305791 to Airtable
INFO 2025-06-23 02:16:04,420 airtable_sync 7944 15256 [SUCCESS] Updated SKU mapping 21305791 from Airtable
INFO 2025-06-23 02:16:06,958 airtable_sync 7944 15256 [SUCCESS] Synced SKU mapping 18-Musical box_02 to Airtable
INFO 2025-06-23 02:16:06,987 airtable_sync 7944 15256 [SUCCESS] Updated SKU mapping 18-Musical box_02 from Airtable
INFO 2025-06-23 02:16:09,058 airtable_sync 7944 15256 [SUCCESS] Synced SKU mapping 2115515125 to Airtable
INFO 2025-06-23 02:16:09,086 airtable_sync 7944 15256 [SUCCESS] Updated SKU mapping 2115515125 from Airtable
INFO 2025-06-23 02:16:11,172 airtable_sync 7944 15256 [SUCCESS] Synced SKU mapping 1036418215_4 to Airtable
INFO 2025-06-23 02:16:11,179 airtable_sync 7944 15256 [SUCCESS] Updated SKU mapping 1036418215_4 from Airtable
INFO 2025-06-23 02:16:13,665 airtable_sync 7944 15256 [SUCCESS] Synced SKU mapping 17notes_mahogany_blue to Airtable
INFO 2025-06-23 02:16:13,679 airtable_sync 7944 15256 [SUCCESS] Updated SKU mapping 17notes_mahogany_blue from Airtable
INFO 2025-06-23 02:16:15,945 airtable_sync 7944 15256 [SUCCESS] Synced SKU mapping 19-3CL2-891X to Airtable
INFO 2025-06-23 02:16:15,972 airtable_sync 7944 15256 [SUCCESS] Updated SKU mapping 19-3CL2-891X from Airtable
INFO 2025-06-23 02:16:18,456 airtable_sync 7944 15256 [SUCCESS] Synced SKU mapping 1277893228_6 to Airtable
INFO 2025-06-23 02:16:18,465 airtable_sync 7944 15256 [SUCCESS] Updated SKU mapping 1277893228_6 from Airtable
INFO 2025-06-23 02:16:21,118 airtable_sync 7944 15256 [SUCCESS] Synced SKU mapping 1153383480_13 to Airtable
INFO 2025-06-23 02:16:21,145 airtable_sync 7944 15256 [SUCCESS] Updated SKU mapping 1153383480_13 from Airtable
INFO 2025-06-23 02:16:23,456 airtable_sync 7944 15256 [SUCCESS] Synced SKU mapping 21305785 to Airtable
INFO 2025-06-23 02:16:23,484 airtable_sync 7944 15256 [SUCCESS] Updated SKU mapping 21305785 from Airtable
INFO 2025-06-23 02:16:26,123 airtable_sync 7944 15256 [SUCCESS] Synced SKU mapping -V3ptz2J to Airtable
INFO 2025-06-23 02:16:26,132 airtable_sync 7944 15256 [SUCCESS] Updated SKU mapping -V3ptz2J from Airtable
INFO 2025-06-23 02:16:28,805 airtable_sync 7944 15256 [SUCCESS] Synced SKU mapping 12568563 to Airtable
INFO 2025-06-23 02:16:28,834 airtable_sync 7944 15256 [SUCCESS] Updated SKU mapping 12568563 from Airtable
INFO 2025-06-23 02:16:31,470 airtable_sync 7944 15256 [SUCCESS] Synced SKU mapping 1B-QP41-FPLK to Airtable
INFO 2025-06-23 02:16:31,484 airtable_sync 7944 15256 [SUCCESS] Updated SKU mapping 1B-QP41-FPLK from Airtable
INFO 2025-06-23 02:16:33,686 airtable_sync 7944 15256 [SUCCESS] Synced SKU mapping 21845710 to Airtable
INFO 2025-06-23 02:16:33,718 airtable_sync 7944 15256 [SUCCESS] Updated SKU mapping 21845710 from Airtable
INFO 2025-06-23 02:16:36,104 airtable_sync 7944 15256 [SUCCESS] Synced SKU mapping 1965124249_4 to Airtable
INFO 2025-06-23 02:16:36,112 airtable_sync 7944 15256 [SUCCESS] Updated SKU mapping 1965124249_4 from Airtable
INFO 2025-06-23 02:16:38,305 airtable_sync 7944 15256 [SUCCESS] Synced SKU mapping 17*17_PillowCover_Combo to Airtable
INFO 2025-06-23 02:16:38,333 airtable_sync 7944 15256 [SUCCESS] Updated SKU mapping 17*17_PillowCover_Combo from Airtable
INFO 2025-06-23 02:16:40,826 airtable_sync 7944 15256 [SUCCESS] Synced SKU mapping 21574365 to Airtable
INFO 2025-06-23 02:16:40,854 airtable_sync 7944 15256 [SUCCESS] Updated SKU mapping 21574365 from Airtable
INFO 2025-06-23 02:16:43,096 airtable_sync 7944 15256 [SUCCESS] Synced SKU mapping 0I-GGWH-DLCL to Airtable
INFO 2025-06-23 02:16:43,105 airtable_sync 7944 15256 [SUCCESS] Updated SKU mapping 0I-GGWH-DLCL from Airtable
INFO 2025-06-23 02:16:45,553 airtable_sync 7944 15256 [SUCCESS] Synced SKU mapping 10 to Airtable
INFO 2025-06-23 02:16:45,564 airtable_sync 7944 15256 [SUCCESS] Updated SKU mapping 10 from Airtable
INFO 2025-06-23 02:16:49,228 airtable_sync 7944 15256 [SUCCESS] Synced SKU mapping 17*17_PillowCoover_White to Airtable
INFO 2025-06-23 02:16:49,255 airtable_sync 7944 15256 [SUCCESS] Updated SKU mapping 17*17_PillowCoover_White from Airtable
INFO 2025-06-23 02:16:51,641 airtable_sync 7944 15256 [SUCCESS] Synced SKU mapping 1796347942_4 to Airtable
INFO 2025-06-23 02:16:51,670 airtable_sync 7944 15256 [SUCCESS] Updated SKU mapping 1796347942_4 from Airtable
INFO 2025-06-23 02:16:53,897 airtable_sync 7944 15256 [SUCCESS] Synced SKU mapping 1921942272 to Airtable
INFO 2025-06-23 02:16:53,932 airtable_sync 7944 15256 [SUCCESS] Updated SKU mapping 1921942272 from Airtable
INFO 2025-06-23 02:16:57,627 airtable_sync 7944 15256 [SUCCESS] Synced combo product CSTE_O0446_OT_Glue_Sand_Rubber_Pig to Airtable
INFO 2025-06-23 02:16:57,661 airtable_sync 7944 15256 [SUCCESS] Updated combo product CSTE_O0446_OT_Glue_Sand_Rubber_Pig from Airtable
INFO 2025-06-23 02:17:00,304 airtable_sync 7944 15256 [SUCCESS] Synced combo product CSTE_0358_Wands_Dumbledore_light_Sg to Airtable
INFO 2025-06-23 02:17:00,312 airtable_sync 7944 15256 [SUCCESS] Updated combo product CSTE_0358_Wands_Dumbledore_light_Sg from Airtable
INFO 2025-06-23 02:17:02,575 airtable_sync 7944 15256 [SUCCESS] Synced combo product Caaju_Compression_Travelkit_Blue to Airtable
INFO 2025-06-23 02:17:02,606 airtable_sync 7944 15256 [SUCCESS] Updated combo product Caaju_Compression_Travelkit_Blue from Airtable
INFO 2025-06-23 02:17:04,996 airtable_sync 7944 15256 [SUCCESS] Synced combo product CSTE_O0443_OT_Squeeze_Yellow to Airtable
INFO 2025-06-23 02:17:05,024 airtable_sync 7944 15256 [SUCCESS] Updated combo product CSTE_O0443_OT_Squeeze_Yellow from Airtable
INFO 2025-06-23 02:17:07,362 airtable_sync 7944 15256 [SUCCESS] Synced combo product CSTE_0481_ST_Animal_Cow_Plush_Cloths to Airtable
INFO 2025-06-23 02:17:07,374 airtable_sync 7944 15256 [SUCCESS] Updated combo product CSTE_0481_ST_Animal_Cow_Plush_Cloths from Airtable
INFO 2025-06-23 02:17:09,918 airtable_sync 7944 15256 [SUCCESS] Synced combo product CSTE_0184_SG_Sqaure_small_TigerPrint_1 to Airtable
INFO 2025-06-23 02:17:09,945 airtable_sync 7944 15256 [SUCCESS] Updated combo product CSTE_0184_SG_Sqaure_small_TigerPrint_1 from Airtable
INFO 2025-06-23 02:17:12,533 airtable_sync 7944 15256 [SUCCESS] Synced combo product CSTE_0545_ST_Animal_Breathing_Dog_Brown to Airtable
INFO 2025-06-23 02:17:12,558 airtable_sync 7944 15256 [SUCCESS] Updated combo product CSTE_0545_ST_Animal_Breathing_Dog_Brown from Airtable
INFO 2025-06-23 02:17:15,091 airtable_sync 7944 15256 [SUCCESS] Synced combo product CSTE_O0367_OT_Belt_Sunglass_Combo to Airtable
INFO 2025-06-23 02:17:15,119 airtable_sync 7944 15256 [SUCCESS] Updated combo product CSTE_O0367_OT_Belt_Sunglass_Combo from Airtable
INFO 2025-06-23 02:17:17,333 airtable_sync 7944 15256 [SUCCESS] Synced combo product CSTE_0290_OT_Harrypotter_wand to Airtable
INFO 2025-06-23 02:17:17,343 airtable_sync 7944 15256 [SUCCESS] Updated combo product CSTE_0290_OT_Harrypotter_wand from Airtable
INFO 2025-06-23 02:17:19,589 airtable_sync 7944 15256 [SUCCESS] Synced combo product Breathing_Messenger_Cat_Pink to Airtable
INFO 2025-06-23 02:17:19,619 airtable_sync 7944 15256 [SUCCESS] Updated combo product Breathing_Messenger_Cat_Pink from Airtable
INFO 2025-06-23 02:17:21,895 airtable_sync 7944 15256 [SUCCESS] Synced combo product CSTE_0541_ST_Animal_Breathing_Fox to Airtable
INFO 2025-06-23 02:17:21,921 airtable_sync 7944 15256 [SUCCESS] Updated combo product CSTE_0541_ST_Animal_Breathing_Fox from Airtable
INFO 2025-06-23 02:17:24,419 airtable_sync 7944 15256 [SUCCESS] Synced combo product CSTE_0341_Wands_Hermoine_Sunglasas to Airtable
INFO 2025-06-23 02:17:24,434 airtable_sync 7944 15256 [SUCCESS] Updated combo product CSTE_0341_Wands_Hermoine_Sunglasas from Airtable
INFO 2025-06-23 02:17:27,026 airtable_sync 7944 15256 [SUCCESS] Synced combo product CSTE_0353_Wands_DumbleD_light_MB to Airtable
INFO 2025-06-23 02:17:27,039 airtable_sync 7944 15256 [SUCCESS] Updated combo product CSTE_0353_Wands_DumbleD_light_MB from Airtable
INFO 2025-06-23 02:17:29,432 airtable_sync 7944 15256 [SUCCESS] Synced combo product CSTE_0535_ST_Animal_Breathing_lamb_P_2 to Airtable
INFO 2025-06-23 02:17:29,462 airtable_sync 7944 15256 [SUCCESS] Updated combo product CSTE_0535_ST_Animal_Breathing_lamb_P_2 from Airtable
INFO 2025-06-23 02:17:32,012 airtable_sync 7944 15256 [SUCCESS] Synced combo product CSTE_0350_Wands_Hp_light_MB to Airtable
INFO 2025-06-23 02:17:32,039 airtable_sync 7944 15256 [SUCCESS] Updated combo product CSTE_0350_Wands_Hp_light_MB from Airtable
INFO 2025-06-23 02:17:34,528 airtable_sync 7944 15256 [SUCCESS] Synced combo product CSTE_O0445_OT_Glue_Sand_Rubber_Monkey to Airtable
INFO 2025-06-23 02:17:34,557 airtable_sync 7944 15256 [SUCCESS] Updated combo product CSTE_O0445_OT_Glue_Sand_Rubber_Monkey from Airtable
INFO 2025-06-23 02:17:36,812 airtable_sync 7944 15256 [SUCCESS] Synced combo product Breathing_Otter_Pink_1 to Airtable
INFO 2025-06-23 02:17:36,823 airtable_sync 7944 15256 [SUCCESS] Updated combo product Breathing_Otter_Pink_1 from Airtable
INFO 2025-06-23 02:17:39,209 airtable_sync 7944 15256 [SUCCESS] Synced combo product CSTE_0355_Wands_HP_light_Sg to Airtable
INFO 2025-06-23 02:17:39,216 airtable_sync 7944 15256 [SUCCESS] Updated combo product CSTE_0355_Wands_HP_light_Sg from Airtable
INFO 2025-06-23 02:17:41,642 airtable_sync 7944 15256 [SUCCESS] Synced combo product CSTE_0355_Wands_Harrypotter_light_SG to Airtable
INFO 2025-06-23 02:17:41,670 airtable_sync 7944 15256 [SUCCESS] Updated combo product CSTE_0355_Wands_Harrypotter_light_SG from Airtable
INFO 2025-06-23 02:17:44,183 airtable_sync 7944 15256 [SUCCESS] Synced combo product CSTE_0540_ST_Animal_Breathing_Stich_P_2 to Airtable
INFO 2025-06-23 02:17:44,209 airtable_sync 7944 15256 [SUCCESS] Updated combo product CSTE_0540_ST_Animal_Breathing_Stich_P_2 from Airtable
INFO 2025-06-23 02:17:46,410 airtable_sync 7944 15256 [SUCCESS] Synced combo product CSTE_0532_ST_Animal_Breathing_rabbit to Airtable
INFO 2025-06-23 02:17:46,421 airtable_sync 7944 15256 [SUCCESS] Updated combo product CSTE_0532_ST_Animal_Breathing_rabbit from Airtable
INFO 2025-06-23 02:17:48,800 airtable_sync 7944 15256 [SUCCESS] Synced combo product CSTE_0343_Wands_Lord Voldmort_Sunglasas to Airtable
INFO 2025-06-23 02:17:48,811 airtable_sync 7944 15256 [SUCCESS] Updated combo product CSTE_0343_Wands_Lord Voldmort_Sunglasas from Airtable
INFO 2025-06-23 02:17:51,159 airtable_sync 7944 15256 [SUCCESS] Synced combo product CSTE_0172_SG_Square_Purple to Airtable
INFO 2025-06-23 02:17:51,170 airtable_sync 7944 15256 [SUCCESS] Updated combo product CSTE_0172_SG_Square_Purple from Airtable
INFO 2025-06-23 02:17:53,794 airtable_sync 7944 15256 [SUCCESS] Synced combo product CJ_Makeup_Org_Pink_Brushes to Airtable
INFO 2025-06-23 02:17:53,804 airtable_sync 7944 15256 [SUCCESS] Updated combo product CJ_Makeup_Org_Pink_Brushes from Airtable
INFO 2025-06-23 02:17:56,174 airtable_sync 7944 15256 [SUCCESS] Synced combo product Baby Swaddle_UPD_Pink_Combo to Airtable
INFO 2025-06-23 02:17:56,185 airtable_sync 7944 15256 [SUCCESS] Updated combo product Baby Swaddle_UPD_Pink_Combo from Airtable
INFO 2025-06-23 02:17:58,660 airtable_sync 7944 15256 [SUCCESS] Synced combo product 26ltr_Sorage_combo4 to Airtable
INFO 2025-06-23 02:17:58,688 airtable_sync 7944 15256 [SUCCESS] Updated combo product 26ltr_Sorage_combo4 from Airtable
INFO 2025-06-23 02:18:00,915 airtable_sync 7944 15256 [SUCCESS] Synced combo product Caaju_Storagebox_Blue_3pk to Airtable
INFO 2025-06-23 02:18:00,945 airtable_sync 7944 15256 [SUCCESS] Updated combo product Caaju_Storagebox_Blue_3pk from Airtable
INFO 2025-06-23 02:18:03,431 airtable_sync 7944 15256 [SUCCESS] Synced combo product Brush_makeup_Blue to Airtable
INFO 2025-06-23 02:18:03,460 airtable_sync 7944 15256 [SUCCESS] Updated combo product Brush_makeup_Blue from Airtable
INFO 2025-06-23 02:18:05,878 airtable_sync 7944 15256 [SUCCESS] Synced combo product CSTE_0545_ST_Animal_Breathing_Dog_B_2 to Airtable
INFO 2025-06-23 02:18:05,910 airtable_sync 7944 15256 [SUCCESS] Updated combo product CSTE_0545_ST_Animal_Breathing_Dog_B_2 from Airtable
INFO 2025-06-23 02:18:08,378 airtable_sync 7944 15256 [SUCCESS] Synced combo product BigPillow_Combo to Airtable
INFO 2025-06-23 02:18:08,409 airtable_sync 7944 15256 [SUCCESS] Updated combo product BigPillow_Combo from Airtable
INFO 2025-06-23 02:18:10,970 airtable_sync 7944 15256 [SUCCESS] Synced combo product Breathing_Messenger_Cat to Airtable
INFO 2025-06-23 02:18:11,001 airtable_sync 7944 15256 [SUCCESS] Updated combo product Breathing_Messenger_Cat from Airtable
INFO 2025-06-23 02:18:13,521 airtable_sync 7944 15256 [SUCCESS] Synced combo product CSTE_0350_Wands_Harrypotter_light_MB to Airtable
INFO 2025-06-23 02:18:13,550 airtable_sync 7944 15256 [SUCCESS] Updated combo product CSTE_0350_Wands_Harrypotter_light_MB from Airtable
INFO 2025-06-23 02:18:16,031 airtable_sync 7944 15256 [SUCCESS] Synced combo product CSTE_0542_ST_Animal_Breathing_Lucifer_C to Airtable
INFO 2025-06-23 02:18:16,040 airtable_sync 7944 15256 [SUCCESS] Updated combo product CSTE_0542_ST_Animal_Breathing_Lucifer_C from Airtable
INFO 2025-06-23 02:18:18,639 airtable_sync 7944 15256 [SUCCESS] Synced combo product CSTE_0359_Wands_Hermoine_light_Sg to Airtable
INFO 2025-06-23 02:18:18,672 airtable_sync 7944 15256 [SUCCESS] Updated combo product CSTE_0359_Wands_Hermoine_light_Sg from Airtable
INFO 2025-06-23 02:18:21,341 airtable_sync 7944 15256 [SUCCESS] Synced combo product CSTE_0354_Wands_Hermoine_light_MB to Airtable
INFO 2025-06-23 02:18:21,369 airtable_sync 7944 15256 [SUCCESS] Updated combo product CSTE_0354_Wands_Hermoine_light_MB from Airtable
INFO 2025-06-23 02:18:23,911 airtable_sync 7944 15256 [SUCCESS] Synced combo product CJ_Makeup_Org_Purple_Brushes to Airtable
INFO 2025-06-23 02:18:23,942 airtable_sync 7944 15256 [SUCCESS] Updated combo product CJ_Makeup_Org_Purple_Brushes from Airtable
INFO 2025-06-23 02:18:26,499 airtable_sync 7944 15256 [SUCCESS] Synced combo product CSTE_0143_SG_Oval01_Black to Airtable
INFO 2025-06-23 02:18:26,531 airtable_sync 7944 15256 [SUCCESS] Updated combo product CSTE_0143_SG_Oval01_Black from Airtable
INFO 2025-06-23 02:18:28,707 airtable_sync 7944 15256 [SUCCESS] Synced combo product CSTE_0351_Wands_snape_Light_MB to Airtable
INFO 2025-06-23 02:18:28,732 airtable_sync 7944 15256 [SUCCESS] Updated combo product CSTE_0351_Wands_snape_Light_MB from Airtable
INFO 2025-06-23 02:18:31,160 airtable_sync 7944 15256 [SUCCESS] Synced combo product BTS-Mang-Chimmy to Airtable
INFO 2025-06-23 02:18:31,189 airtable_sync 7944 15256 [SUCCESS] Updated combo product BTS-Mang-Chimmy from Airtable
INFO 2025-06-23 02:18:33,806 airtable_sync 7944 15256 [SUCCESS] Synced combo product Breathing_Messenger_Cat_Blue to Airtable
INFO 2025-06-23 02:18:33,834 airtable_sync 7944 15256 [SUCCESS] Updated combo product Breathing_Messenger_Cat_Blue from Airtable
INFO 2025-06-23 02:18:36,201 airtable_sync 7944 15256 [SUCCESS] Synced combo product CSTE_0543_ST_Animal_Breathing_S_Rabbit to Airtable
INFO 2025-06-23 02:18:36,231 airtable_sync 7944 15256 [SUCCESS] Updated combo product CSTE_0543_ST_Animal_Breathing_S_Rabbit from Airtable
INFO 2025-06-23 02:18:38,547 airtable_sync 7944 15256 [SUCCESS] Synced combo product CSTE_0407_OT_HP_Scarf_SG to Airtable
INFO 2025-06-23 02:18:38,578 airtable_sync 7944 15256 [SUCCESS] Updated combo product CSTE_0407_OT_HP_Scarf_SG from Airtable
INFO 2025-06-23 02:18:41,263 airtable_sync 7944 15256 [SUCCESS] Synced combo product CSTE_O0364_SnitchBall_3dLamp to Airtable
INFO 2025-06-23 02:18:41,293 airtable_sync 7944 15256 [SUCCESS] Updated combo product CSTE_O0364_SnitchBall_3dLamp from Airtable
INFO 2025-06-23 02:18:43,771 airtable_sync 7944 15256 [SUCCESS] Synced combo product CSTE_0538_ST_Animal_Penguin_Yellow to Airtable
INFO 2025-06-23 02:18:43,799 airtable_sync 7944 15256 [SUCCESS] Updated combo product CSTE_0538_ST_Animal_Penguin_Yellow from Airtable
INFO 2025-06-23 02:18:46,175 airtable_sync 7944 15256 [SUCCESS] Synced combo product CSTE_O0442_OT_Squeeze_White to Airtable
INFO 2025-06-23 02:18:46,202 airtable_sync 7944 15256 [SUCCESS] Updated combo product CSTE_O0442_OT_Squeeze_White from Airtable
INFO 2025-06-23 02:18:48,840 airtable_sync 7944 15256 [SUCCESS] Synced combo product CSTE_0169_SG_Sqaure_Creame to Airtable
INFO 2025-06-23 02:18:48,852 airtable_sync 7944 15256 [SUCCESS] Updated combo product CSTE_0169_SG_Sqaure_Creame from Airtable
INFO 2025-06-23 02:18:51,243 airtable_sync 7944 15256 [SUCCESS] Synced combo product Caaju_Compression_Travelkit_Cream to Airtable
INFO 2025-06-23 02:18:51,251 airtable_sync 7944 15256 [SUCCESS] Updated combo product Caaju_Compression_Travelkit_Cream from Airtable
INFO 2025-06-23 02:18:53,616 airtable_sync 7944 15256 [SUCCESS] Synced combo product Breathing_Lilo_Stich_Blue to Airtable
INFO 2025-06-23 02:18:53,645 airtable_sync 7944 15256 [SUCCESS] Updated combo product Breathing_Lilo_Stich_Blue from Airtable
INFO 2025-06-23 02:18:59,149 airtable_sync 7944 15256 [SUCCESS] Synced combo product CSTE_O0444_OT_Squeeze_Purple to Airtable
INFO 2025-06-23 02:18:59,179 airtable_sync 7944 15256 [SUCCESS] Updated combo product CSTE_O0444_OT_Squeeze_Purple from Airtable
INFO 2025-06-23 02:19:01,517 airtable_sync 7944 15256 [SUCCESS] Synced combo product CJ_Makeup_Org_Black_Brushes to Airtable
INFO 2025-06-23 02:19:01,527 airtable_sync 7944 15256 [SUCCESS] Updated combo product CJ_Makeup_Org_Black_Brushes from Airtable
INFO 2025-06-23 02:19:03,731 airtable_sync 7944 15256 [SUCCESS] Synced combo product Caaju_26Lstoragebox_grey_4pk to Airtable
INFO 2025-06-23 02:19:03,745 airtable_sync 7944 15256 [SUCCESS] Updated combo product Caaju_26Lstoragebox_grey_4pk from Airtable
INFO 2025-06-23 02:19:06,069 airtable_sync 7944 15256 [SUCCESS] Synced combo product CSTE_0544_ST_Animal_Breathing_Sloth_Grey to Airtable
INFO 2025-06-23 02:19:06,098 airtable_sync 7944 15256 [SUCCESS] Updated combo product CSTE_0544_ST_Animal_Breathing_Sloth_Grey from Airtable
INFO 2025-06-23 02:19:08,539 airtable_sync 7944 15256 [SUCCESS] Synced combo product Caaju_Storagebox_Blue_2pk to Airtable
INFO 2025-06-23 02:19:08,550 airtable_sync 7944 15256 [SUCCESS] Updated combo product Caaju_Storagebox_Blue_2pk from Airtable
INFO 2025-06-23 02:19:11,133 airtable_sync 7944 15256 [SUCCESS] Synced combo product Battlegame to Airtable
INFO 2025-06-23 02:19:11,164 airtable_sync 7944 15256 [SUCCESS] Updated combo product Battlegame from Airtable
INFO 2025-06-23 02:19:13,401 airtable_sync 7944 15256 [SUCCESS] Synced combo product Caaju_Storagebox_Blue_5pk to Airtable
INFO 2025-06-23 02:19:13,416 airtable_sync 7944 15256 [SUCCESS] Updated combo product Caaju_Storagebox_Blue_5pk from Airtable
INFO 2025-06-23 02:19:16,015 airtable_sync 7944 15256 [SUCCESS] Synced combo product CTLG-01 to Airtable
INFO 2025-06-23 02:19:16,029 airtable_sync 7944 15256 [SUCCESS] Updated combo product CTLG-01 from Airtable
INFO 2025-06-23 02:19:18,575 airtable_sync 7944 15256 [SUCCESS] Synced combo product CSTE_0356_Wands_snape_Light_Sg to Airtable
INFO 2025-06-23 02:19:18,612 airtable_sync 7944 15256 [SUCCESS] Updated combo product CSTE_0356_Wands_snape_Light_Sg from Airtable
INFO 2025-06-23 02:19:21,252 airtable_sync 7944 15256 [SUCCESS] Synced combo product Caaju_26Lstoragebox_grey_2pk to Airtable
INFO 2025-06-23 02:19:21,285 airtable_sync 7944 15256 [SUCCESS] Updated combo product Caaju_26Lstoragebox_grey_2pk from Airtable
INFO 2025-06-23 02:19:23,567 airtable_sync 7944 15256 [SUCCESS] Synced combo product CSTE_0342_Wands_Dumbledore_Sunglasas to Airtable
INFO 2025-06-23 02:19:23,600 airtable_sync 7944 15256 [SUCCESS] Updated combo product CSTE_0342_Wands_Dumbledore_Sunglasas from Airtable
INFO 2025-06-23 02:19:26,111 airtable_sync 7944 15256 [SUCCESS] Synced combo product CSTE_0536_ST_Animal_Breathing_lamb_White to Airtable
INFO 2025-06-23 02:19:26,142 airtable_sync 7944 15256 [SUCCESS] Updated combo product CSTE_0536_ST_Animal_Breathing_lamb_White from Airtable
INFO 2025-06-23 02:19:28,502 airtable_sync 7944 15256 [SUCCESS] Synced combo product CSTE_Combo_Melody_Kuromi to Airtable
INFO 2025-06-23 02:19:28,535 airtable_sync 7944 15256 [SUCCESS] Updated combo product CSTE_Combo_Melody_Kuromi from Airtable
INFO 2025-06-23 02:19:30,967 airtable_sync 7944 15256 [SUCCESS] Synced combo product CSTE_0533_ST_Animal_Breathing_koala_Grey to Airtable
INFO 2025-06-23 02:19:31,004 airtable_sync 7944 15256 [SUCCESS] Updated combo product CSTE_0533_ST_Animal_Breathing_koala_Grey from Airtable
INFO 2025-06-23 02:19:33,511 airtable_sync 7944 15256 [SUCCESS] Synced combo product CSTE_0174_SG_Oval_Red to Airtable
INFO 2025-06-23 02:19:33,544 airtable_sync 7944 15256 [SUCCESS] Updated combo product CSTE_0174_SG_Oval_Red from Airtable
INFO 2025-06-23 02:19:35,916 airtable_sync 7944 15256 [SUCCESS] Synced combo product CSTE_0357_Wands_Voldemort_Light_Sg to Airtable
INFO 2025-06-23 02:19:35,947 airtable_sync 7944 15256 [SUCCESS] Updated combo product CSTE_0357_Wands_Voldemort_Light_Sg from Airtable
INFO 2025-06-23 02:19:38,145 airtable_sync 7944 15256 [SUCCESS] Synced combo product CSTE071 to Airtable
INFO 2025-06-23 02:19:38,160 airtable_sync 7944 15256 [SUCCESS] Updated combo product CSTE071 from Airtable
INFO 2025-06-23 02:19:40,804 airtable_sync 7944 15256 [SUCCESS] Synced combo product CSTE_0174_SG_Oval_Red CSTE_0143_SG_Oval01_Black to Airtable
INFO 2025-06-23 02:19:40,836 airtable_sync 7944 15256 [SUCCESS] Updated combo product CSTE_0174_SG_Oval_Red CSTE_0143_SG_Oval01_Black from Airtable
INFO 2025-06-23 02:19:43,224 airtable_sync 7944 15256 [SUCCESS] Synced combo product CSTE_0335_Wands_Hermoine_MusicBox to Airtable
INFO 2025-06-23 02:19:43,255 airtable_sync 7944 15256 [SUCCESS] Updated combo product CSTE_0335_Wands_Hermoine_MusicBox from Airtable
INFO 2025-06-23 02:19:45,813 airtable_sync 7944 15256 [SUCCESS] Synced combo product CSTE_0340_Wands_Harrypotter_Sunglasas to Airtable
INFO 2025-06-23 02:19:45,843 airtable_sync 7944 15256 [SUCCESS] Updated combo product CSTE_0340_Wands_Harrypotter_Sunglasas from Airtable
INFO 2025-06-23 02:19:47,976 airtable_sync 7944 15256 [SUCCESS] Synced combo product CTLG-02 to Airtable
INFO 2025-06-23 02:19:48,024 airtable_sync 7944 15256 [SUCCESS] Updated combo product CTLG-02 from Airtable
INFO 2025-06-23 02:19:50,482 airtable_sync 7944 15256 [SUCCESS] Synced combo product CSTE088 to Airtable
INFO 2025-06-23 02:19:50,492 airtable_sync 7944 15256 [SUCCESS] Updated combo product CSTE088 from Airtable
INFO 2025-06-23 02:19:52,737 airtable_sync 7944 15256 [SUCCESS] Synced combo product Baby Swaddle_UPD_Black_Combo to Airtable
INFO 2025-06-23 02:19:52,751 airtable_sync 7944 15256 [SUCCESS] Updated combo product Baby Swaddle_UPD_Black_Combo from Airtable
INFO 2025-06-23 02:19:55,137 airtable_sync 7944 15256 [SUCCESS] Synced combo product Caaju_Storagebox_Blue_4pk to Airtable
INFO 2025-06-23 02:19:55,168 airtable_sync 7944 15256 [SUCCESS] Updated combo product Caaju_Storagebox_Blue_4pk from Airtable
INFO 2025-06-23 02:19:57,580 airtable_sync 7944 15256 [SUCCESS] Synced combo product CSTE_0535_ST_Animal_Breathing_lamb_P to Airtable
INFO 2025-06-23 02:19:57,612 airtable_sync 7944 15256 [SUCCESS] Updated combo product CSTE_0535_ST_Animal_Breathing_lamb_P from Airtable
INFO 2025-06-23 02:20:00,314 airtable_sync 7944 15256 [SUCCESS] Synced combo product Caaju_6pc_travelkit_Pink to Airtable
INFO 2025-06-23 02:20:00,346 airtable_sync 7944 15256 [SUCCESS] Updated combo product Caaju_6pc_travelkit_Pink from Airtable
INFO 2025-06-23 02:20:02,606 airtable_sync 7944 15256 [SUCCESS] Synced combo product Caaju_DS_Clipe_Rope_Pack2 to Airtable
INFO 2025-06-23 02:20:02,622 airtable_sync 7944 15256 [SUCCESS] Updated combo product Caaju_DS_Clipe_Rope_Pack2 from Airtable
INFO 2025-06-23 02:20:05,028 airtable_sync 7944 15256 [SUCCESS] Synced combo product Caaju_6pc_travelkit_Maroon to Airtable
INFO 2025-06-23 02:20:05,066 airtable_sync 7944 15256 [SUCCESS] Updated combo product Caaju_6pc_travelkit_Maroon from Airtable
INFO 2025-06-23 02:20:07,144 airtable_sync 7944 15256 [SUCCESS] Synced combo product CSTE_0546_ST_Animal_Lucifer_Cat_Black to Airtable
INFO 2025-06-23 02:20:07,164 airtable_sync 7944 15256 [SUCCESS] Updated combo product CSTE_0546_ST_Animal_Lucifer_Cat_Black from Airtable
INFO 2025-06-23 02:20:09,409 airtable_sync 7944 15256 [SUCCESS] Synced combo product CJ_Makeup_Org_LightGreen_Brushes to Airtable
INFO 2025-06-23 02:20:09,425 airtable_sync 7944 15256 [SUCCESS] Updated combo product CJ_Makeup_Org_LightGreen_Brushes from Airtable
INFO 2025-06-23 02:20:11,787 airtable_sync 7944 15256 [SUCCESS] Synced combo product CSTE_0225_SG_Square/Big_TigerPrint to Airtable
INFO 2025-06-23 02:20:11,800 airtable_sync 7944 15256 [SUCCESS] Updated combo product CSTE_0225_SG_Square/Big_TigerPrint from Airtable
INFO 2025-06-23 02:20:14,145 airtable_sync 7944 15256 [SUCCESS] Synced combo product Caaju_24grid_Beige_2pk to Airtable
INFO 2025-06-23 02:20:14,181 airtable_sync 7944 15256 [SUCCESS] Updated combo product Caaju_24grid_Beige_2pk from Airtable
INFO 2025-06-23 02:20:16,600 airtable_sync 7944 15256 [SUCCESS] Synced combo product 17*17_PillowCover_Combo to Airtable
INFO 2025-06-23 02:20:16,634 airtable_sync 7944 15256 [SUCCESS] Updated combo product 17*17_PillowCover_Combo from Airtable
INFO 2025-06-23 02:20:19,106 airtable_sync 7944 15256 [SUCCESS] Synced combo product CSTE_0539_ST_Animal_Penguin_Green to Airtable
INFO 2025-06-23 02:20:19,125 airtable_sync 7944 15256 [SUCCESS] Updated combo product CSTE_0539_ST_Animal_Penguin_Green from Airtable
INFO 2025-06-23 02:20:21,334 airtable_sync 7944 15256 [SUCCESS] Synced combo product CSTE_0352_Wands_Voldemort_Light_MB to Airtable
INFO 2025-06-23 02:20:21,367 airtable_sync 7944 15256 [SUCCESS] Updated combo product CSTE_0352_Wands_Voldemort_Light_MB from Airtable
INFO 2025-06-23 02:20:23,931 airtable_sync 7944 15256 [SUCCESS] Synced combo product CSTE_0469_ST_Pokemon_Charizard to Airtable
INFO 2025-06-23 02:20:23,968 airtable_sync 7944 15256 [SUCCESS] Updated combo product CSTE_0469_ST_Pokemon_Charizard from Airtable
INFO 2025-06-23 02:20:26,476 airtable_sync 7944 15256 [SUCCESS] Synced combo product CSTE_0540_ST_Animal_Breathing_Stich_Pink to Airtable
INFO 2025-06-23 02:20:26,513 airtable_sync 7944 15256 [SUCCESS] Updated combo product CSTE_0540_ST_Animal_Breathing_Stich_Pink from Airtable
INFO 2025-06-23 02:20:28,834 airtable_sync 7944 15256 [SUCCESS] Synced combo product CSTE_0523_ST_Animal_Bow_Sheep to Airtable
INFO 2025-06-23 02:20:28,867 airtable_sync 7944 15256 [SUCCESS] Updated combo product CSTE_0523_ST_Animal_Bow_Sheep from Airtable
INFO 2025-06-23 02:20:31,412 airtable_sync 7944 15256 [SUCCESS] Synced combo product Caaju_24grid_Grey_2pk to Airtable
INFO 2025-06-23 02:20:31,425 airtable_sync 7944 15256 [SUCCESS] Updated combo product Caaju_24grid_Grey_2pk from Airtable
INFO 2025-06-23 02:20:33,867 airtable_sync 7944 15256 [SUCCESS] Synced combo product Breathing_Otter_D_Brown to Airtable
INFO 2025-06-23 02:20:33,903 airtable_sync 7944 15256 [SUCCESS] Updated combo product Breathing_Otter_D_Brown from Airtable
INFO 2025-06-23 02:20:36,085 airtable_sync 7944 15256 [SUCCESS] Synced combo product BTS-mang-RJ to Airtable
INFO 2025-06-23 02:20:36,123 airtable_sync 7944 15256 [SUCCESS] Updated combo product BTS-mang-RJ from Airtable
INFO 2025-06-23 02:20:38,510 airtable_sync 7944 15256 [SUCCESS] Synced combo product Caaju_6pc_travelkit_Red to Airtable
INFO 2025-06-23 02:20:38,548 airtable_sync 7944 15256 [SUCCESS] Updated combo product Caaju_6pc_travelkit_Red from Airtable
INFO 2025-06-23 02:20:40,887 airtable_sync 7944 15256 [SUCCESS] Synced combo product Breathing_Otter_Blue to Airtable
INFO 2025-06-23 02:20:40,900 airtable_sync 7944 15256 [SUCCESS] Updated combo product Breathing_Otter_Blue from Airtable
INFO 2025-06-23 02:20:43,290 airtable_sync 7944 15256 [SUCCESS] Synced combo product CSTE_0360_Wands_Snape_Light to Airtable
INFO 2025-06-23 02:20:43,307 airtable_sync 7944 15256 [SUCCESS] Updated combo product CSTE_0360_Wands_Snape_Light from Airtable
INFO 2025-06-23 02:20:45,631 airtable_sync 7944 15256 [SUCCESS] Synced combo product CSTE_0537_ST_Animal_Breathing_capyBara_1 to Airtable
INFO 2025-06-23 02:20:45,667 airtable_sync 7944 15256 [SUCCESS] Updated combo product CSTE_0537_ST_Animal_Breathing_capyBara_1 from Airtable
INFO 2025-06-23 02:20:47,830 airtable_sync 7944 15256 [SUCCESS] Synced combo product Caaju_26Lstoragebox_grey_3pk to Airtable
INFO 2025-06-23 02:20:47,866 airtable_sync 7944 15256 [SUCCESS] Updated combo product Caaju_26Lstoragebox_grey_3pk from Airtable
INFO 2025-06-23 02:20:50,296 airtable_sync 7944 15256 [SUCCESS] Synced combo product BIGSMALL_TL to Airtable
INFO 2025-06-23 02:20:50,311 airtable_sync 7944 15256 [SUCCESS] Updated combo product BIGSMALL_TL from Airtable
INFO 2025-06-23 02:20:52,689 airtable_sync 7944 15256 [SUCCESS] Synced combo product Breathing_Grey_Otter to Airtable
INFO 2025-06-23 02:20:52,703 airtable_sync 7944 15256 [SUCCESS] Updated combo product Breathing_Grey_Otter from Airtable
INFO 2025-06-23 02:20:54,948 airtable_sync 7944 15256 [SUCCESS] Synced combo product CSTE_0226_SG_Square/Big_Black to Airtable
INFO 2025-06-23 02:20:54,966 airtable_sync 7944 15256 [SUCCESS] Updated combo product CSTE_0226_SG_Square/Big_Black from Airtable
INFO 2025-06-23 02:20:57,290 airtable_sync 7944 15256 [SUCCESS] Synced combo product CSTE_0502_ST_Minecraft_Pickaxe_Foam to Airtable
INFO 2025-06-23 02:20:57,324 airtable_sync 7944 15256 [SUCCESS] Updated combo product CSTE_0502_ST_Minecraft_Pickaxe_Foam from Airtable
INFO 2025-06-23 02:21:03,057 airtable_sync 7944 15256 [SUCCESS] Synced combo product CSTE_0353_Wands_Dumbledore_light_MB to Airtable
INFO 2025-06-23 02:21:03,084 airtable_sync 7944 15256 [SUCCESS] Updated combo product CSTE_0353_Wands_Dumbledore_light_MB from Airtable
INFO 2025-06-23 02:21:05,585 airtable_sync 7944 15256 [SUCCESS] Synced combo product CSTE_0345_Wands_Snape_Sunglasas to Airtable
INFO 2025-06-23 02:21:05,615 airtable_sync 7944 15256 [SUCCESS] Updated combo product CSTE_0345_Wands_Snape_Sunglasas from Airtable
INFO 2025-06-23 02:21:05,616 airtable_sync 7944 15256 [SUCCESS] Sync from Airtable complete: {'created': 0, 'updated': 301, 'errors': 0}
INFO 2025-06-23 02:21:05,617 sync_from_airtable 7944 15256 Airtable sync completed: {'created': 0, 'updated': 301, 'errors': 0}
INFO 2025-06-23 02:22:10,978 airtable_sync 23328 22228 [SUCCESS]  Airtable connection validated successfully
